typeOf 
==========
TyCon Int
TyCon Char
TyCon Bool

typeRep (via Proxy)
==========
TyCon Int
TyCon List(TyCon Int)
TyCon (,)(TyCon Int,TyCon Bool) / (Int, Bool)
Arrow(TyCon Int,TyCon Bool) / Int -> Bool

type variables
==========
typeVar:            x0
isTypeVar typeVar:  True
isTypeVar Int:      False

Dict
==========
isDictionary (Dict (Eq Int)):  True
getDictionary (Dict (Eq Int)): Just "Eq Int"
isDictionary Int:              False

Value
==========
show (toValue (Identity 42)):        <<Int>>
valueType:                           Int
fromValue @Int  (matching type):     Just (Identity 42)
fromValue @Bool (wrong type):        Nothing
